01-09 01:23:05.429  1834  1834 D Launcher3: Launcher,  className=android.stm32.uart.app.CommandActivity
01-09 01:23:05.433   888   903 I ActivityManager: START u0 {act=android.intent.action.MAIN cat=[android.intent.category.LAUNCHER] flg=0x10200000 cmp=android.stm32.uart/.app.CommandActivity (has extras)} from uid 1000 on display 0
01-09 01:23:05.441   888   903 V WindowManager: Set focused app to: AppWindowToken{16e3fa7 token=Token{c25c0c1 ActivityRecord{8c6dda8 u0 android.stm32.uart/.app.CommandActivity t57}}} old focus=AppWindowToken{26bb382 token=Token{bcf6c64 ActivityRecord{a1135f7 u0 com.tpv.launcher3/com.android.launcher3.Launcher t48}}} moveFocusNow=true
01-09 01:23:05.441   888   903 V WindowManager: findFocusedWindow: Reached focused app=AppWindowToken{16e3fa7 token=Token{c25c0c1 ActivityRecord{8c6dda8 u0 android.stm32.uart/.app.CommandActivity t57}}}
01-09 01:23:05.450   888   936 D WindowManager: -k.p- isWinNotificationAllowed: android.stm32.uart, true, 6505566
01-09 01:23:05.460   888   936 V WindowManager: findFocusedWindow: Reached focused app=AppWindowToken{16e3fa7 token=Token{c25c0c1 ActivityRecord{8c6dda8 u0 android.stm32.uart/.app.CommandActivity t57}}}
01-09 01:23:05.467   888  5162 I WindowManager: lockCanvas, mToken =AppWindowToken{16e3fa7 token=Token{c25c0c1 ActivityRecord{8c6dda8 u0 android.stm32.uart/.app.CommandActivity t57}}}
01-09 01:23:05.483   888  1811 I ActivityManager: Start proc 5163:android.stm32.uart/u0a86 for activity android.stm32.uart/.app.CommandActivity
01-09 01:23:05.519   888  1070 I libPerfService: [perfNotifyAppState] foreground:android.stm32.uart, pid:5163
01-09 01:23:05.519   888  1070 I libPerfService: perfCheckPackAffinity foreground:android.stm32.uart, latest:
01-09 01:23:05.576   888  1417 V WindowManager: Set focused app to: AppWindowToken{1f17c9f token=Token{f0ac63e ActivityRecord{680c6f9 u0 com.android.packageinstaller/.permission.ui.GrantPermissionsActivity t57}}} old focus=AppWindowToken{16e3fa7 token=Token{c25c0c1 ActivityRecord{8c6dda8 u0 android.stm32.uart/.app.CommandActivity t57}}} moveFocusNow=true
01-09 01:23:05.611  5163  5163 D OpenGLRenderer: <android.stm32.uart> is running.
01-09 01:23:05.628  5163  5163 D ViewRootImpl[CommandActivity]: hardware acceleration is enabled, this = ViewRoot{5bc0214 android.stm32.uart/android.stm32.uart.app.CommandActivity,ident = 0}
01-09 01:23:05.629   888   903 D WindowManager: -k.p- isWinNotificationAllowed: android.stm32.uart, true, 6505744
01-09 01:23:05.632  5163  5163 V PhoneWindow: DecorView setVisiblity: visibility = 0, Parent = ViewRoot{5bc0214 android.stm32.uart/android.stm32.uart.app.CommandActivity,ident = 0}, this = DecorView@7bf954e[CommandActivity]
01-09 01:23:05.657   291   291 I BufferQueueConsumer: [android.stm32.uart/android.stm32.uart.app.CommandActivity](this:0x754d7dd000,id:58,api:0,p:-1,c:291) setConsumerName: android.stm32.uart/android.stm32.uart.app.CommandActivity
01-09 01:23:05.657   291   291 I BufferQueueConsumer: [android.stm32.uart/android.stm32.uart.app.CommandActivity](this:0x754d7dd000,id:58,api:0,p:-1,c:291) setDefaultBufferSize: width=720 height=1184
01-09 01:23:05.671   291   291 I BufferQueueConsumer: [android.stm32.uart/android.stm32.uart.app.CommandActivity](this:0x754d7dd000,id:58,api:0,p:-1,c:291) setDefaultBufferSize: width=720 height=1280
01-09 01:23:05.676  5163  5178 D OpenGLRenderer: CanvasContext() 0x7403a50000 initialize window=0x740b654e00, title=android.stm32.uart/android.stm32.uart.app.CommandActivity
01-09 01:23:05.697   291   318 I BufferQueueProducer: [android.stm32.uart/android.stm32.uart.app.CommandActivity](this:0x754d7dd000,id:58,api:1,p:5163,c:291) connect(P): api=1 producer=(5163:android.stm32.uart) producerControlledByApp=true
01-09 01:23:05.703   291   393 I BufferQueueProducer: [android.stm32.uart/android.stm32.uart.app.CommandActivity](this:0x754d7dd000,id:58,api:1,p:5163,c:291) new GraphicBuffer needed
01-09 01:23:05.714   291  3075 I BufferQueueProducer: [android.stm32.uart/android.stm32.uart.app.CommandActivity](this:0x754d7dd000,id:58,api:1,p:5163,c:291) new GraphicBuffer needed
01-09 01:23:07.866   888  1414 V WindowManager: Set focused app to: AppWindowToken{16e3fa7 token=Token{c25c0c1 ActivityRecord{8c6dda8 u0 android.stm32.uart/.app.CommandActivity t57}}} old focus=AppWindowToken{1f17c9f token=Token{f0ac63e ActivityRecord{680c6f9 u0 com.android.packageinstaller/.permission.ui.GrantPermissionsActivity t57}}} moveFocusNow=true
01-09 01:23:07.885   888  1070 I libPerfService: [perfNotifyAppState] foreground:android.stm32.uart, pid:5163
01-09 01:23:07.885   888  1070 I libPerfService: perfCheckPackAffinity foreground:android.stm32.uart, latest:
01-09 01:23:07.920   888  1125 V WindowManager: Changing focus from Window{bb312f0 u0 com.android.packageinstaller/com.android.packageinstaller.permission.ui.GrantPermissionsActivity} to Window{44100d8 u0 android.stm32.uart/android.stm32.uart.app.CommandActivity} Callers=com.android.server.wm.WindowSurfacePlacer.handleAppTransitionReadyLocked:1224 com.android.server.wm.WindowSurfacePlacer.performSurfacePlacementInner:337 com.android.server.wm.WindowSurfacePlacer.performSurfacePlacementLoop:235 com.android.server.wm.WindowSurfacePlacer.performSurfacePlacement:183 
01-09 01:23:07.921   888  1125 D WindowManager: Input focus has changed to Window{44100d8 u0 android.stm32.uart/android.stm32.uart.app.CommandActivity}
01-09 01:23:07.957   888   936 I WindowManager: Focus moving from Window{bb312f0 u0 com.android.packageinstaller/com.android.packageinstaller.permission.ui.GrantPermissionsActivity} to Window{44100d8 u0 android.stm32.uart/android.stm32.uart.app.CommandActivity}
01-09 01:23:07.957   888   936 I WindowManager: Gaining focus: Window{44100d8 u0 android.stm32.uart/android.stm32.uart.app.CommandActivity}
01-09 01:23:07.964  5163  5163 V PhoneWindow: DecorView setVisiblity: visibility = 0, Parent = ViewRoot{5bc0214 android.stm32.uart/android.stm32.uart.app.CommandActivity,ident = 0}, this = DecorView@7bf954e[CommandActivity]
01-09 01:23:07.979   291   318 I BufferQueueProducer: [android.stm32.uart/android.stm32.uart.app.CommandActivity](this:0x754d7dd000,id:58,api:1,p:5163,c:291) queueBuffer: fps=0.44 dur=2266.12 max=2266.12 min=2266.12
01-09 01:23:07.979   291  3075 I BufferQueueProducer: [android.stm32.uart/android.stm32.uart.app.CommandActivity](this:0x754d7dd000,id:58,api:1,p:5163,c:291) new GraphicBuffer needed
01-09 01:23:08.507  1658  1661 D GasService: FG app changed: from com.android.packageinstaller to android.stm32.uart
01-09 01:23:09.536   291  1939 I BufferQueueProducer: [android.stm32.uart/android.stm32.uart.app.CommandActivity](this:0x754d7dd000,id:58,api:1,p:5163,c:291) queueBuffer: fps=1.93 dur=1557.32 max=1518.24 min=5.76
01-09 01:23:14.028   291   318 I BufferQueueProducer: [android.stm32.uart/android.stm32.uart.app.CommandActivity](this:0x754d7dd000,id:58,api:1,p:5163,c:291) queueBuffer: fps=3.56 dur=4492.32 max=4223.41 min=17.59
01-09 01:23:14.161  5163  5163 I serial_port: input speed: 115200
01-09 01:23:14.161  5163  5163 D serial_port: Opening serial port /dev/ttyMT1 with flags 0x2
01-09 01:23:14.161  5163  5163 D serial_port: open() fd = 58
01-09 01:23:14.161  5163  5163 D serial_port: Configuring serial port
01-09 01:23:14.161  5163  5163 I serial_port: get cfgetispeed: 115200
01-09 01:23:14.161  5163  5163 I serial_port: get cfgetospeed: 115200
01-09 01:23:14.162  5163  5163 I serial_port: set cfsetispeed: 115200, return 0
01-09 01:23:14.162  5163  5163 I serial_port: set cfsetospeed: 115200, return 0
01-09 01:23:14.162  5163  5163 I serial_port: get cfg.c_iflag: 0x0
01-09 01:23:14.162  5163  5163 I serial_port: get cfg.c_cflag: 0x1CB2
01-09 01:23:14.162  5163  5163 I serial_port: get cfgetispeed: 115200
01-09 01:23:14.162  5163  5163 I serial_port: get cfgetospeed: 115200
01-09 01:23:14.162  5163  5163 I serial_port: append PARENB(0x100) in cfg.c_cflag
01-09 01:23:14.162  5163  5163 I serial_port: remove PARODD(0x200) in cfg.c_cflag
01-09 01:23:14.162  5163  5163 I serial_port: get cfg.c_iflag: 0x0
01-09 01:23:14.162  5163  5163 I serial_port: get cfg.c_cflag: 0x1DB2
01-09 01:23:14.163  5163  5235 I android.stm32.uart.app_tag_uart: send command: 0x7f  <1>
01-09 01:23:14.264  5163  5235 I android.stm32.uart.app_tag_uart:    received: 0x79  <1>
01-09 01:23:14.265  5163  5235 I android.stm32.uart.app_tag_thread: thread: command_init is end!
01-09 01:23:14.268  5163  5236 I android.stm32.uart.app_tag_uart: send command: 0x02, 0xFD  <1>
01-09 01:23:14.369  5163  5236 I android.stm32.uart.app_tag_uart:    received: 0x79  <1>
01-09 01:23:14.370  5163  5236 I android.stm32.uart.app_tag_uart: received: 0x010413 <1>
01-09 01:23:14.471  5163  5236 I android.stm32.uart.app_tag_uart:    received: 0x79  <1>
01-09 01:23:14.471  5163  5236 I android.stm32.uart.app_tag_thread: thread: command_get_id is end!
01-09 01:23:14.474  5163  5237 I android.stm32.uart.app_tag_uart: send command: 0x01, 0xFE
01-09 01:23:14.574  5163  5237 I android.stm32.uart.app_tag_uart:    received: 0x79  <1>
01-09 01:23:14.575  5163  5237 I android.stm32.uart.app_tag_uart: received: 0x310000 <1>
01-09 01:23:14.675  5163  5237 I android.stm32.uart.app_tag_uart:    received: 0x79  <1>
01-09 01:23:14.678  5163  5237 I android.stm32.uart.app_tag_thread: thread: command_get_version_and_read_protection_status is end!
01-09 01:23:14.680  5163  5238 I android.stm32.uart.app_tag_uart: send command: 0x00, 0xFF  <1>
01-09 01:23:14.781  5163  5238 I android.stm32.uart.app_tag_uart:    received: 0x79  <1>
01-09 01:23:14.782  5163  5238 I android.stm32.uart.app_tag_uart: received: 0x310001021121314463738292 <1>
01-09 01:23:14.883  5163  5238 I android.stm32.uart.app_tag_uart:    received: 0x79  <1>
01-09 01:23:14.888  5163  5238 I android.stm32.uart.app_tag_thread: thread: command_get is end!
01-09 01:23:18.141   291   320 I BufferQueueProducer: [android.stm32.uart/android.stm32.uart.app.CommandActivity](this:0x754d7dd000,id:58,api:1,p:5163,c:291) queueBuffer: fps=8.02 dur=4112.82 max=3227.60 min=14.00
01-09 01:23:18.331  5163  5240 I android.stm32.uart.app_tag_uart: send command: 0x44, 0xBB  <1>
01-09 01:23:18.431  5163  5240 I android.stm32.uart.app_tag_uart:    received: 0x79  <1>
01-09 01:23:18.432  5163  5240 I android.stm32.uart.app_tag_uart: send command: 0xFF, 0xFF  <1>
01-09 01:23:18.432  5163  5240 I android.stm32.uart.app_tag_uart: send command: 0x00  <1>
01-09 01:23:35.733  5163  5240 I android.stm32.uart.app_tag_uart:    received: 0x79  <1>
01-09 01:23:35.734  5163  5240 I android.stm32.uart.app_tag_thread: thread: command_erase is end!
01-09 01:23:35.744   291   320 I BufferQueueProducer: [android.stm32.uart/android.stm32.uart.app.CommandActivity](this:0x754d7dd000,id:58,api:1,p:5163,c:291) queueBuffer: fps=1.99 dur=17602.89 max=16990.28 min=13.88
01-09 01:23:35.750  5163  5245 I android.stm32.uart.app_tag_uart: read: /sdcard/STM32_Robot.bin, file size: 41708 bytes
01-09 01:23:35.752  5163  5245 I android.stm32.uart.app_tag_uart: loops: 163, lastLoopWriteBytes: 236
01-09 01:23:35.752  5163  5245 I android.stm32.uart.app_tag_uart: loop: 1, address: 0x08000000, write 256 bytes
01-09 01:23:35.752  5163  5245 I android.stm32.uart.app_tag_uart: send command: 0x31, 0xCE  <1>
01-09 01:23:35.853  5163  5245 I android.stm32.uart.app_tag_uart:    received: 0x79  <1>
01-09 01:23:35.853  5163  5245 I android.stm32.uart.app_tag_uart: send address: 0x08000000  <1>
01-09 01:23:35.854  5163  5245 I android.stm32.uart.app_tag_uart: send address checksum: 0x08  <1>
01-09 01:23:35.955  5163  5245 I android.stm32.uart.app_tag_uart:    received: 0x79  <1>
01-09 01:23:35.955  5163  5245 I android.stm32.uart.app_tag_uart: send n=N-1: 255  <1>
01-09 01:23:35.978  5163  5245 I android.stm32.uart.app_tag_uart: send N bytes: 0x00000220D98D00087D8B00088B8B0008918B0008978B00089D8B00080000000000000000000000000000000091500008A38B000800000000A1520008B18B0008298E0008298E0008298E0008298E0008298E0008298E0008298E0008BD8B0008CB8B0008D98B0008E78B0008298E0008298E0008298E0008298E0008298E0008298E0008298E0008298E0008298E0008298E0008298E0008298E0008F58B0008298E0008298E0008298E0008298E0008298E0008298E0008298E0008298E0008298E0008298E0008298E0008298E0008298E0008198C00082D8C0008298E0008418C0008298E0008298E0008298E0008298E0008698C0008298E0008298E0008  <1>
01-09 01:23:35.979  5163  5245 I android.stm32.uart.app_tag_uart: send N bytes checksum: 0xC2  <1>
01-09 01:23:36.105  5163  5245 I android.stm32.uart.app_tag_uart:    received: 0x79  <1>
01-09 01:23:36.109  5163  5245 I android.stm32.uart.app_tag_uart: loop: 2, address: 0x08000100, write 256 bytes
01-09 01:23:36.110  5163  5245 I android.stm32.uart.app_tag_uart: send command: 0x31, 0xCE  <1>
01-09 01:23:36.210  5163  5245 I android.stm32.uart.app_tag_uart:    received: 0x79  <1>
01-09 01:23:36.211  5163  5245 I android.stm32.uart.app_tag_uart: send address: 0x08000100  <1>
01-09 01:23:36.212  5163  5245 I android.stm32.uart.app_tag_uart: send address checksum: 0x09  <1>
01-09 01:23:36.312  5163  5245 I android.stm32.uart.app_tag_uart:    received: 0x79  <1>
01-09 01:23:36.312  5163  5245 I android.stm32.uart.app_tag_uart: send n=N-1: 255  <1>
01-09 01:23:36.335  5163  5245 I android.stm32.uart.app_tag_uart: send N bytes: 0x298E0008298E0008298E0008298E0008298E0008298E0008298E0008298E0008298E0008298E0008298E0008298E0008298E0008298E0008298E0008298E0008298E0008298E0008298E0008298E0008298E0008298E0008298E0008298E0008298E0008298E0008298E0008298E0008298E0008298E0008298E000800000000298E0008298E0008000000000000000010B5054C237833B9044B13B10448AFF300800123237010BD8000002000000000D49D000808B5034B1BB103490348AFF3008008BD0000000084000020D49D0008034613F8012B002AFBD1181A0138704701F0FF01102A2BDB10F0070F08D010F8013B013A8B422DD010F0070F42B3F6D1  <1>
01-09 01:23:36.335  5163  5245 I android.stm32.uart.app_tag_uart: send N bytes checksum: 0x61  <1>
01-09 01:23:36.461  5163  5245 I android.stm32.uart.app_tag_uart:    received: 0x79  <1>
01-09 01:23:36.465  5163  5245 I android.stm32.uart.app_tag_uart: loop: 3, address: 0x08000200, write 256 bytes
01-09 01:23:36.465  5163  5245 I android.stm32.uart.app_tag_uart: send command: 0x31, 0xCE  <1>
01-09 01:23:36.565  5163  5245 I android.stm32.uart.app_tag_uart:    received: 0x79  <1>
01-09 01:23:36.566  5163  5245 I android.stm32.uart.app_tag_uart: send address: 0x08000200  <1>
01-09 01:23:36.567  5163  5245 I android.stm32.uart.app_tag_uart: send address checksum: 0x0A  <1>
01-09 01:23:36.667  5163  5245 I android.stm32.uart.app_tag_uart:    received: 0x79  <1>
01-09 01:23:36.667  5163  5245 I android.stm32.uart.app_tag_uart: send n=N-1: 255  <1>
01-09 01:23:36.696  5163  5245 I android.stm32.uart.app_tag_uart: send N bytes: 0xF0B441EA012141EA014122F007047FF000070023F0E80256083C85EA010586EA010685FA47F5A3FA87F586FA47F6A5FA87F68EB9EED1F0BC01F0FF0102F0070232B110F8013B013A83EA010313B1F8D10020704701387047002D06BF35460338073815F0010F07D1013015F4807F02BF013015F4C03F0130F0BC0138704700BF53B94AB9002908BF00281CBF4FF0FF314FF0FF3000F07AB9ADF1080C6DE904CE00F006F8DDF804E0DDE9022304B070472DE9F0478C460D460446089E002B51D18A4217466DD9B2FA82FEBEF1000F0BD0CEF1200C01FA0EF520FA0CFC02FA0EF74CEA050C00FA0EF44FEA174A250CBCFBFAF81FFA87F90AFB18CC45EA0C4508FB  <1>
01-09 01:23:36.697  5163  5245 I android.stm32.uart.app_tag_uart: send N bytes checksum: 0x8A  <1>
01-09 01:23:36.823  5163  5245 I android.stm32.uart.app_tag_uart:    received: 0x79  <1>
01-09 01:23:36.829  5163  5245 I android.stm32.uart.app_tag_uart: loop: 4, address: 0x08000300, write 256 bytes
01-09 01:23:36.830  5163  5245 I android.stm32.uart.app_tag_uart: send command: 0x31, 0xCE  <1>
01-09 01:23:36.837   291   393 I BufferQueueProducer: [android.stm32.uart/android.stm32.uart.app.CommandActivity](this:0x754d7dd000,id:58,api:1,p:5163,c:291) queueBuffer: fps=2.75 dur=1092.88 max=374.50 min=357.55
01-09 01:23:36.931  5163  5245 I android.stm32.uart.app_tag_uart:    received: 0x79  <1>
01-09 01:23:36.932  5163  5245 I android.stm32.uart.app_tag_uart: send address: 0x08000300  <1>
01-09 01:23:36.932  5163  5245 I android.stm32.uart.app_tag_uart: send address checksum: 0x0B  <1>
01-09 01:23:37.033  5163  5245 I android.stm32.uart.app_tag_uart:    received: 0x79  <1>
01-09 01:23:37.033  5163  5245 I android.stm32.uart.app_tag_uart: send n=N-1: 255  <1>
01-09 01:23:37.059  5163  5245 I android.stm32.uart.app_tag_uart: send N bytes: 0x09F3AB420AD9ED1908F1FF3280F02381AB4240F22081A8F102083D44ED1AA4B2B5FBFAF00AFB105544EA054400FB09F9A14509D9E41900F1FF3380F00A81A14540F2078102383C44A4EB090440EA08400021002E61D024FA0EF4002334607360BDE8F0878B4207D9002E54D0002186E821000846BDE8F087B3FA83F1002940F08E80AB4202D3824200F2FA80841A65EB03050120AC46002E3FD086E81010BDE8F08712B90127B7FBF2F7B7FA87FEBEF1000F34D1EB1B3A0C1FFA87FC0121B3FBF2F8250C02FB183345EA03450CFB08F3AB4207D9ED1908F1FF3002D2AB4200F2D1808046ED1AA3B2B5FBF2F002FB105543EA05440CFB00FCA44507D9E41900F1  <1>
01-09 01:23:37.062  5163  5245 I android.stm32.uart.app_tag_uart: send N bytes checksum: 0xC4  <1>
01-09 01:23:37.185  5163  5245 I android.stm32.uart.app_tag_uart:    received: 0x79  <1>
01-09 01:23:37.189  5163  5245 I android.stm32.uart.app_tag_uart: loop: 5, address: 0x08000400, write 256 bytes
01-09 01:23:37.190  5163  5245 I android.stm32.uart.app_tag_uart: send command: 0x31, 0xCE  <1>
01-09 01:23:37.291  5163  5245 I android.stm32.uart.app_tag_uart:    received: 0x79  <1>
01-09 01:23:37.292  5163  5245 I android.stm32.uart.app_tag_uart: send address: 0x08000400  <1>
01-09 01:23:37.292  5163  5245 I android.stm32.uart.app_tag_uart: send address checksum: 0x0C  <1>
01-09 01:23:37.393  5163  5245 I android.stm32.uart.app_tag_uart:    received: 0x79  <1>
01-09 01:23:37.393  5163  5245 I android.stm32.uart.app_tag_uart: send n=N-1: 255  <1>
01-09 01:23:37.420  5163  5245 I android.stm32.uart.app_tag_uart: send N bytes: 0xFF3302D2A44500F2B8801846A4EB0C0440EA08409DE731463046BDE8F087CEF1200405FA0EF307FA0EF720FA04F83A0C25FA04F448EA0308B4FBF2F14FEA184502FB11441FFA87FC45EA044501FB0CF3AB4200FA0EF409D9ED1901F1FF3080F08A80AB4240F2878002393D44EB1A1FFA88F5B3FBF2F002FB103345EA034500FB0CF3AB4207D9ED1900F1FF386FD2AB426DD902383D44EB1A40EA01418FE7C1F1200722FA07F88B4005FA01F448EA030320FA07FE4FEA134CFD404EEA040EB5FBFCF94FEA1E440CFB19551FFA83F844EA054509FB08F4AC4202FA01F200FA01FA08D9ED1809F1FF3043D2AC4241D9A9F102091D442D1B1FFA8EFEB5FBFCF00CFB  <1>
01-09 01:23:37.421  5163  5245 I android.stm32.uart.app_tag_uart: send N bytes checksum: 0xCF  <1>
01-09 01:23:37.545  5163  5245 I android.stm32.uart.app_tag_uart:    received: 0x79  <1>
01-09 01:23:37.558  5163  5245 I android.stm32.uart.app_tag_uart: loop: 6, address: 0x08000500, write 256 bytes
01-09 01:23:37.559  5163  5245 I android.stm32.uart.app_tag_uart: send command: 0x31, 0xCE  <1>
01-09 01:23:37.659  5163  5245 I android.stm32.uart.app_tag_uart:    received: 0x79  <1>
01-09 01:23:37.660  5163  5245 I android.stm32.uart.app_tag_uart: send address: 0x08000500  <1>
01-09 01:23:37.663  5163  5245 I android.stm32.uart.app_tag_uart: send address checksum: 0x0D  <1>
01-09 01:23:37.763  5163  5245 I android.stm32.uart.app_tag_uart:    received: 0x79  <1>
01-09 01:23:37.764  5163  5245 I android.stm32.uart.app_tag_uart: send n=N-1: 255  <1>
01-09 01:23:37.792  5163  5245 I android.stm32.uart.app_tag_uart: send N bytes: 0x10554EEA054400FB08F8A04507D9E41800F1FF3529D2A04527D902381C4440EA0940A4EB0804A0FB02894C45C6464D4615D312D056B1BAEB0E0364EB050404FA07F7CB401F43CC40376074600021BDE8F0871846F8E69046E0E6C245EAD2B8EB020E69EB03050138E4E72846D7E7404691E78146BEE7014678E702383C4445E7084608E7A8F102083D442BE7704700BF80B500AF0E4A0E4B1B6843F4007313600B4A0B4B1B6843F480631360084A084B1B6843F480731360032000F017F9002008F082FA08F0F2F80023184680BD00BF003C024080B400AF064B1B781A46064B1B681344044A136000BFBD465DF8047B704700BF00000020C842002080B400AF  <1>
01-09 01:23:37.792  5163  5245 I android.stm32.uart.app_tag_uart: send N bytes checksum: 0x6E  <1>
01-09 01:23:37.918  5163  5245 I android.stm32.uart.app_tag_uart:    received: 0x79  <1>
01-09 01:23:37.923  5163  5245 I android.stm32.uart.app_tag_uart: loop: 7, address: 0x08000600, write 256 bytes
01-09 01:23:37.923  5163  5245 I android.stm32.uart.app_tag_uart: send command: 0x31, 0xCE  <1>
01-09 01:23:37.936   291   318 I BufferQueueProducer: [android.stm32.uart/android.stm32.uart.app.CommandActivity](this:0x754d7dd000,id:58,api:1,p:5163,c:291) queueBuffer: fps=2.73 dur=1098.45 max=381.04 min=358.64
01-09 01:23:38.024  5163  5245 I android.stm32.uart.app_tag_uart:    received: 0x79  <1>
01-09 01:23:38.026  5163  5245 I android.stm32.uart.app_tag_uart: send address: 0x08000600  <1>
01-09 01:23:38.026  5163  5245 I android.stm32.uart.app_tag_uart: send address checksum: 0x0E  <1>
01-09 01:23:38.127  5163  5245 I android.stm32.uart.app_tag_uart:    received: 0x79  <1>
01-09 01:23:38.127  5163  5245 I android.stm32.uart.app_tag_uart: send n=N-1: 255  <1>
01-09 01:23:38.157  5163  5245 I android.stm32.uart.app_tag_uart: send N bytes: 0x034B1B681846BD465DF8047B704700BFC842002080B584B000AF7860FFF7EEFFB8607B68FB60FB68B3F1FF3F05D0094B1B781A46FB681344FB6000BFFFF7DEFF0246BB68D21AFB689A42F7D300BF1037BD4680BD0000002080B485B000AF78607B6803F00703FB600C4BDB68BB60BA684FF6FF031340BB60FB681A02BB68134343F0BF6343F40033BB60044ABB68D36000BF1437BD465DF8047B704700ED00E080B400AF044BDB681B0A03F007031846BD465DF8047B704700ED00E080B483B000AF0346FB71094997F907305B09FA7902F01F02012000FA02F241F8232000BF0C37BD465DF8047B704700BF00E100E080B483B000AF03463960FB7197F90730  <1>
01-09 01:23:38.157  5163  5245 I android.stm32.uart.app_tag_uart: send N bytes checksum: 0x6E  <1>
01-09 01:23:38.283  5163  5245 I android.stm32.uart.app_tag_uart:    received: 0x79  <1>
01-09 01:23:38.288  5163  5245 I android.stm32.uart.app_tag_uart: loop: 8, address: 0x08000700, write 256 bytes
01-09 01:23:38.288  5163  5245 I android.stm32.uart.app_tag_uart: send command: 0x31, 0xCE  <1>
01-09 01:23:38.389  5163  5245 I android.stm32.uart.app_tag_uart:    received: 0x79  <1>
01-09 01:23:38.389  5163  5245 I android.stm32.uart.app_tag_uart: send address: 0x08000700  <1>
01-09 01:23:38.390  5163  5245 I android.stm32.uart.app_tag_uart: send address checksum: 0x0F  <1>
01-09 01:23:38.490  5163  5245 I android.stm32.uart.app_tag_uart:    received: 0x79  <1>
01-09 01:23:38.490  5163  5245 I android.stm32.uart.app_tag_uart: send n=N-1: 255  <1>
01-09 01:23:38.518  5163  5245 I android.stm32.uart.app_tag_uart: send N bytes: 0x002B0BDA0D49FB7903F00F03043B3A68D2B21201D2B20B441A7609E0084997F907303A68D2B21201D2B20B4483F8002300BF0C37BD465DF8047B704700ED00E000E100E080B489B000AFF860B9607A60FB6803F00703FB61FB69C3F10703042B28BF0423BB61FB690433062B02D9FB69033B00E000237B610122BB6902FA03F35A1EBB681A407B699A4001217B6901FA03F3591E7B680B40134318462437BD465DF8047B7047000080B582B000AF78607B68013BB3F1807F01D301230FE00A4A7B68013B53600F214FF0FF30FFF790FF054B00229A60044B07221A60002318460837BD4680BD00BF10E000E080B582B000AF78607868FFF72FFF00BF0837BD46  <1>
01-09 01:23:38.519  5163  5245 I android.stm32.uart.app_tag_uart: send N bytes checksum: 0xB9  <1>
01-09 01:23:38.644  5163  5245 I android.stm32.uart.app_tag_uart:    received: 0x79  <1>
01-09 01:23:38.648  5163  5245 I android.stm32.uart.app_tag_uart: loop: 9, address: 0x08000800, write 256 bytes
01-09 01:23:38.648  5163  5245 I android.stm32.uart.app_tag_uart: send command: 0x31, 0xCE  <1>
01-09 01:23:38.749  5163  5245 I android.stm32.uart.app_tag_uart:    received: 0x79  <1>
01-09 01:23:38.750  5163  5245 I android.stm32.uart.app_tag_uart: send address: 0x08000800  <1>
01-09 01:23:38.750  5163  5245 I android.stm32.uart.app_tag_uart: send address checksum: 0x00  <1>
01-09 01:23:38.851  5163  5245 I android.stm32.uart.app_tag_uart:    received: 0x79  <1>
01-09 01:23:38.851  5163  5245 I android.stm32.uart.app_tag_uart: send n=N-1: 255  <1>
01-09 01:23:38.880  5163  5245 I android.stm32.uart.app_tag_uart: send N bytes: 0x80BD80B586B000AF0346B9607A60FB7300237B61FFF744FF78617A68B9687869FFF790FF024697F90F3011461846FFF75FFF00BF1837BD4680BD80B582B000AF0346FB7197F907301846FFF737FF00BF0837BD4680BD80B582B000AF78607868FFF7A2FF034618460837BD4680BD000080B483B000AF78607B68042B06D1094A084B1B6843F00403136005E0054A054B1B6823F00403136000BF0C37BD465DF8047B704710E000E080B586B000AFF860B9607A603B600023FB75FB689B6D3B61FB6893F83430012B01D1022348E0FB68012283F83420FB6893F83530DBB2012B37D1FB68022283F83520FB6800225A653B687A68B968F86800F058F8FB68DB6D  <1>
01-09 01:23:38.882  5163  5245 I android.stm32.uart.app_tag_uart: send N bytes checksum: 0x18  <1>
01-09 01:23:39.005  5163  5245 I android.stm32.uart.app_tag_uart:    received: 0x79  <1>
01-09 01:23:39.005  5163  5245 I android.stm32.uart.app_tag_uart: loop: 10, address: 0x08000900, write 256 bytes
01-09 01:23:39.005  5163  5245 I android.stm32.uart.app_tag_uart: send command: 0x31, 0xCE  <1>
01-09 01:23:39.026   291  1939 I BufferQueueProducer: [android.stm32.uart/android.stm32.uart.app.CommandActivity](this:0x754d7dd000,id:58,api:1,p:5163,c:291) queueBuffer: fps=2.75 dur=1090.98 max=373.77 min=358.37
01-09 01:23:39.106  5163  5245 I android.stm32.uart.app_tag_uart:    received: 0x79  <1>
01-09 01:23:39.107  5163  5245 I android.stm32.uart.app_tag_uart: send address: 0x08000900  <1>
01-09 01:23:39.107  5163  5245 I android.stm32.uart.app_tag_uart: send address checksum: 0x01  <1>
01-09 01:23:39.208  5163  5245 I android.stm32.uart.app_tag_uart:    received: 0x79  <1>
01-09 01:23:39.208  5163  5245 I android.stm32.uart.app_tag_uart: send n=N-1: 255  <1>
01-09 01:23:39.236  5163  5245 I android.stm32.uart.app_tag_uart: send N bytes: 0x3F229A403B699A60FB681B68FA681268126842F016021A60FB681B68FA681268526942F080025A61FB681B6C002B07D0FB681B68FA681268126842F008021A60FB681B68FA681268126842F001021A6005E0FB68002283F834200223FB75FB7D18461837BD4680BD80B483B000AF78607B6893F83530DBB2022B04D07B6880225A6501230CE07B68052283F835207B681B687A681268126822F001021A60002318460C37BD465DF8047B704780B485B000AFF860B9607A603B60FB681B68FA681268126822F480221A60FB681B683A685A60FB689B68402B08D1FB681B687A689A60FB681B68BA68DA6007E0FB681B68BA689A60FB681B687A68DA6000BF1437  <1>
01-09 01:23:39.237  5163  5245 I android.stm32.uart.app_tag_uart: send N bytes checksum: 0x8B  <1>
01-09 01:23:39.361  5163  5245 I android.stm32.uart.app_tag_uart:    received: 0x79  <1>
01-09 01:23:39.367  5163  5245 I android.stm32.uart.app_tag_uart: loop: 11, address: 0x08000A00, write 256 bytes
01-09 01:23:39.368  5163  5245 I android.stm32.uart.app_tag_uart: send command: 0x31, 0xCE  <1>
01-09 01:23:39.468  5163  5245 I android.stm32.uart.app_tag_uart:    received: 0x79  <1>
01-09 01:23:39.469  5163  5245 I android.stm32.uart.app_tag_uart: send address: 0x08000A00  <1>
01-09 01:23:39.469  5163  5245 I android.stm32.uart.app_tag_uart: send address checksum: 0x02  <1>
01-09 01:23:39.570  5163  5245 I android.stm32.uart.app_tag_uart:    received: 0x79  <1>
01-09 01:23:39.570  5163  5245 I android.stm32.uart.app_tag_uart: send n=N-1: 255  <1>
01-09 01:23:39.626  5163  5245 I android.stm32.uart.app_tag_uart: send N bytes: 0xBD465DF8047B704780B489B000AF7860396000237B6100233B610023BB610023FB616BE10122FB6902FA03F37B613B681A687B6913403B613A697B699A4240F05A813B685B68022B03D03B685B68122B23D1FB69DA087B68083253F82230BB61FB6903F007039B000F2202FA03F3DB43BA691340BB613B681A69FB6903F007039B0002FA03F3BA691343BB61FB69DA087B680832B96943F822107B681B68BB61FB695B00032202FA03F3DB43BA691340BB613B685B6803F00302FB695B0002FA03F3BA691343BB617B68BA691A603B685B68012B0BD03B685B68022B07D03B685B68112B03D03B685B68122B30D17B689B68BB61FB695B00032202FA03F3DB43  <1>
01-09 01:23:39.628  5163  5245 I android.stm32.uart.app_tag_uart: send N bytes checksum: 0x22  <1>
01-09 01:23:39.750  5163  5245 I android.stm32.uart.app_tag_uart:    received: 0x79  <1>
01-09 01:23:39.754  5163  5245 I android.stm32.uart.app_tag_uart: loop: 12, address: 0x08000B00, write 256 bytes
01-09 01:23:39.754  5163  5245 I android.stm32.uart.app_tag_uart: send command: 0x31, 0xCE  <1>
01-09 01:23:39.855  5163  5245 I android.stm32.uart.app_tag_uart:    received: 0x79  <1>
01-09 01:23:39.855  5163  5245 I android.stm32.uart.app_tag_uart: send address: 0x08000B00  <1>
01-09 01:23:39.856  5163  5245 I android.stm32.uart.app_tag_uart: send address checksum: 0x03  <1>
01-09 01:23:39.956  5163  5245 I android.stm32.uart.app_tag_uart:    received: 0x79  <1>
01-09 01:23:39.957  5163  5245 I android.stm32.uart.app_tag_uart: send n=N-1: 255  <1>
01-09 01:23:39.984  5163  5245 I android.stm32.uart.app_tag_uart: send N bytes: 0xBA691340BB613B68DA68FB695B0002FA03F3BA691343BB617B68BA699A607B685B68BB610122FB6902FA03F3DB43BA691340BB613B685B681B0903F00102FB6902FA03F3BA691343BB617B68BA695A607B68DB68BB61FB695B00032202FA03F3DB43BA691340BB613B689A68FB695B0002FA03F3BA691343BB617B68BA69DA603B685B6803F08053002B00F0B4800023FB605F4A5E4B5B6C43F4804353645C4B5B6C03F48043FB60FB685A4AFB699B08023352F82330BB61FB6903F003039B000F2202FA03F3DB43BA691340BB617B68514A93422BD07B68504A934225D07B684F4A93421FD07B684E4A934219D07B684D4A934213D07B684C4A93420DD07B68  <1>
01-09 01:23:39.987  5163  5245 I android.stm32.uart.app_tag_uart: send N bytes checksum: 0xE2  <1>
01-09 01:23:40.112  5163  5245 I android.stm32.uart.app_tag_uart:    received: 0x79  <1>
01-09 01:23:40.117  5163  5245 I android.stm32.uart.app_tag_uart: loop: 13, address: 0x08000C00, write 256 bytes
01-09 01:23:40.117  5163  5245 I android.stm32.uart.app_tag_uart: send command: 0x31, 0xCE  <1>
01-09 01:23:40.123   291  3075 I BufferQueueProducer: [android.stm32.uart/android.stm32.uart.app.CommandActivity](this:0x754d7dd000,id:58,api:1,p:5163,c:291) queueBuffer: fps=2.74 dur=1096.64 max=375.85 min=359.62
01-09 01:23:40.217  5163  5245 I android.stm32.uart.app_tag_uart:    received: 0x79  <1>
01-09 01:23:40.218  5163  5245 I android.stm32.uart.app_tag_uart: send address: 0x08000C00  <1>
01-09 01:23:40.219  5163  5245 I android.stm32.uart.app_tag_uart: send address checksum: 0x04  <1>
01-09 01:23:40.319  5163  5245 I android.stm32.uart.app_tag_uart:    received: 0x79  <1>
01-09 01:23:40.320  5163  5245 I android.stm32.uart.app_tag_uart: send n=N-1: 255  <1>
01-09 01:23:40.347  5163  5245 I android.stm32.uart.app_tag_uart: send N bytes: 0x4B4A934207D07B684A4A934201D107230EE008230CE006230AE0052308E0042306E0032304E0022302E0012300E00023FA6902F0030292009340BA691343BB613449FB699B080233BA6941F823203A4B1B68BB613B69DB43BA691340BB613B685B6803F48033002B03D0BA693B691343BB61314ABB6913602F4B5B68BB613B69DB43BA691340BB613B685B6803F40033002B03D0BA693B691343BB61264ABB695360254B9B68BB613B69DB43BA691340BB613B685B6803F48013002B03D0BA693B691343BB611C4ABB6993601A4BDB68BB613B69DB43BA691340BB613B685B6803F40013002B03D0BA693B691343BB61114ABB69D360FB690133FB61FB690F2B  <1>
01-09 01:23:40.347  5163  5245 I android.stm32.uart.app_tag_uart: send N bytes checksum: 0x21  <1>
01-09 01:23:40.473  5163  5245 I android.stm32.uart.app_tag_uart:    received: 0x79  <1>
01-09 01:23:40.477  5163  5245 I android.stm32.uart.app_tag_uart: loop: 14, address: 0x08000D00, write 256 bytes
01-09 01:23:40.477  5163  5245 I android.stm32.uart.app_tag_uart: send command: 0x31, 0xCE  <1>
01-09 01:23:40.578  5163  5245 I android.stm32.uart.app_tag_uart:    received: 0x79  <1>
01-09 01:23:40.578  5163  5245 I android.stm32.uart.app_tag_uart: send address: 0x08000D00  <1>
01-09 01:23:40.579  5163  5245 I android.stm32.uart.app_tag_uart: send address checksum: 0x05  <1>
01-09 01:23:40.679  5163  5245 I android.stm32.uart.app_tag_uart:    received: 0x79  <1>
01-09 01:23:40.680  5163  5245 I android.stm32.uart.app_tag_uart: send n=N-1: 255  <1>
01-09 01:23:40.706  5163  5245 I android.stm32.uart.app_tag_uart: send N bytes: 0x7FF690AE00BF2437BD465DF8047B70470038024000380140000002400004024000080240000C0240001002400014024000180240001C0240003C014080B483B000AF78600B467B8013467B707B78002B03D07A887B689A6103E07B881A047B689A6100BF0C37BD465DF8047B7047000080B582B000AF0346FB80084B5A69FB881340002B06D0054AFB885361FB88184600F006F800BF0837BD4680BD003C014080B483B000AF0346FB8000BF0C37BD465DF8047B7047000080B584B000AF78600023FB600023BB607B68002B01D10123C8E07B6893F83D30DBB2002B06D17B68002283F83C20786807F032FD7B68242283F83D207B681B687A681268126822F0  <1>
01-09 01:23:40.706  5163  5245 I android.stm32.uart.app_tag_uart: send N bytes checksum: 0x31  <1>
01-09 01:23:40.831  5163  5245 I android.stm32.uart.app_tag_uart:    received: 0x79  <1>
01-09 01:23:40.835  5163  5245 I android.stm32.uart.app_tag_uart: loop: 15, address: 0x08000E00, write 256 bytes
01-09 01:23:40.835  5163  5245 I android.stm32.uart.app_tag_uart: send command: 0x31, 0xCE  <1>
01-09 01:23:40.936  5163  5245 I android.stm32.uart.app_tag_uart:    received: 0x79  <1>
01-09 01:23:40.936  5163  5245 I android.stm32.uart.app_tag_uart: send address: 0x08000E00  <1>
01-09 01:23:40.937  5163  5245 I android.stm32.uart.app_tag_uart: send address checksum: 0x06  <1>
01-09 01:23:41.037  5163  5245 I android.stm32.uart.app_tag_uart:    received: 0x79  <1>
01-09 01:23:41.037  5163  5245 I android.stm32.uart.app_tag_uart: send n=N-1: 255  <1>
01-09 01:23:41.064  5163  5245 I android.stm32.uart.app_tag_uart: send N bytes: 0x01021A6000F0C8FDB860BB68574AA2FB03239B0CFB607B681B68FA685A607B681A687B685B6852498B4202D8FB68013309E0FB684FF4967101FB03F34D49A1FB03139B09013313627B6819687B685B68474A934212D87B685B685B00BA68B2FBF3F3C3F30B03032B06D97B685B685B00BA68B2FBF3F345E0042343E07B689B68002B0FD17B685A6813465B001344BA68B2FBF3F3C3F30B03002B0CBF01230023DBB210E07B685A6813469B0013449A001344BA68B2FBF3F3C3F30B03002B0CBF01230023DBB2002B01D001231AE07B689B68002B0AD17B685A6813465B001344BA68B2FBF3F343F400430BE07B685A6813469B0013449A001344BA68B2FBF3F3  <1>
01-09 01:23:41.065  5163  5245 I android.stm32.uart.app_tag_uart: send N bytes checksum: 0xC1  <1>
01-09 01:23:41.191  5163  5245 I android.stm32.uart.app_tag_uart:    received: 0x79  <1>
01-09 01:23:41.202   291   320 I BufferQueueProducer: [android.stm32.uart/android.stm32.uart.app.CommandActivity](this:0x754d7dd000,id:58,api:1,p:5163,c:291) queueBuffer: fps=2.78 dur=1078.80 max=361.36 min=356.96
01-09 01:23:41.208  5163  5245 I android.stm32.uart.app_tag_uart: loop: 16, address: 0x08000F00, write 256 bytes
01-09 01:23:41.210  5163  5245 I android.stm32.uart.app_tag_uart: send command: 0x31, 0xCE  <1>
01-09 01:23:41.311  5163  5245 I android.stm32.uart.app_tag_uart:    received: 0x79  <1>
01-09 01:23:41.311  5163  5245 I android.stm32.uart.app_tag_uart: send address: 0x08000F00  <1>
01-09 01:23:41.312  5163  5245 I android.stm32.uart.app_tag_uart: send address checksum: 0x07  <1>
01-09 01:23:41.412  5163  5245 I android.stm32.uart.app_tag_uart:    received: 0x79  <1>
01-09 01:23:41.412  5163  5245 I android.stm32.uart.app_tag_uart: send n=N-1: 255  <1>
01-09 01:23:41.439  5163  5245 I android.stm32.uart.app_tag_uart: send N bytes: 0x43F44043CB617B681B687A68D1697A68126A0A431A607B681B687A6811697A68D2680A439A607B681B687A6851697A6892690A43DA607B681B687A681268126842F001021A607B6800221A647B68202283F83D207B6800221A637B68002283F83E20002318461037BD4680BD83DE1B43A0860100D34D6210F0B58FB00AAF78600023FB607B68002B01D10123F7E07B68032283F8B923786807F060FD7B681B68184603F09CFB7B681B683B607E686D4606F110040FCC0FC50FCC0FC594E8030085E80300331D0ECB386803F037FB7B681B680021184603F093FB0023FB604CE07968FA681346DB009B1A9B000B44393301221A70FB68D8B27968FA681346DB00  <1>
01-09 01:23:41.440  5163  5245 I android.stm32.uart.app_tag_uart: send N bytes checksum: 0x52  <1>
01-09 01:23:41.565  5163  5245 I android.stm32.uart.app_tag_uart:    received: 0x79  <1>
01-09 01:23:41.570  5163  5245 I android.stm32.uart.app_tag_uart: loop: 17, address: 0x08001000, write 256 bytes
01-09 01:23:41.570  5163  5245 I android.stm32.uart.app_tag_uart: send command: 0x31, 0xCE  <1>
01-09 01:23:41.671  5163  5245 I android.stm32.uart.app_tag_uart:    received: 0x79  <1>
01-09 01:23:41.672  5163  5245 I android.stm32.uart.app_tag_uart: send address: 0x08001000  <1>
01-09 01:23:41.672  5163  5245 I android.stm32.uart.app_tag_uart: send address checksum: 0x18  <1>
01-09 01:23:41.773  5163  5245 I android.stm32.uart.app_tag_uart:    received: 0x79  <1>
01-09 01:23:41.773  5163  5245 I android.stm32.uart.app_tag_uart: send n=N-1: 255  <1>
01-09 01:23:41.797  5163  5245 I android.stm32.uart.app_tag_uart: send N bytes: 0x9B1A9B000B44383302461A70FB6898B27968FA681346DB009B1A9B000B443E3302461A807968FA681346DB009B1A9B000B443B3300221A707968FA681346DB009B1A9B000B44403300221A607968FA681346DB009B1A9B000B44443300221A607968FA681346DB009B1A9B000B444C3300221A60FB680133FB60FB680E2BAFD90023FB605AE07968FA681346DB009B1A9B000B4403F2F91300221A70FB68D8B27968FA681346DB009B1A9B000B4403F5FC7302461A70FB6898B27968FA681346DB009B1A9B000B443E3302461A807968FA681346DB009B1A9B000B4403F2FB1300221A707968FA681346DB009B1A9B000B4403F5007300221A607968FA681346  <1>
01-09 01:23:41.797  5163  5245 I android.stm32.uart.app_tag_uart: send N bytes checksum: 0xB3  <1>
01-09 01:23:41.922  5163  5245 I android.stm32.uart.app_tag_uart:    received: 0x79  <1>
01-09 01:23:41.927  5163  5245 I android.stm32.uart.app_tag_uart: loop: 18, address: 0x08001100, write 256 bytes
01-09 01:23:41.928  5163  5245 I android.stm32.uart.app_tag_uart: send command: 0x31, 0xCE  <1>
01-09 01:23:42.028  5163  5245 I android.stm32.uart.app_tag_uart:    received: 0x79  <1>
01-09 01:23:42.029  5163  5245 I android.stm32.uart.app_tag_uart: send address: 0x08001100  <1>
01-09 01:23:42.030  5163  5245 I android.stm32.uart.app_tag_uart: send address checksum: 0x19  <1>
01-09 01:23:42.130  5163  5245 I android.stm32.uart.app_tag_uart:    received: 0x79  <1>
01-09 01:23:42.130  5163  5245 I android.stm32.uart.app_tag_uart: send n=N-1: 255  <1>
01-09 01:23:42.157  5163  5245 I android.stm32.uart.app_tag_uart: send N bytes: 0xDB009B1A9B000B4403F5017300221A607968FA681346DB009B1A9B000B4403F5037300221A607B681A68FB6840339B00134400225A60FB680133FB60FB680E2BA1D97B681B683B607E686D4606F110040FCC0FC50FCC0FC594E8030085E80300331D0ECB386803F0F3FA7B68012283F8B9237B681B68184603F07CFC002318461437BD46F0BD000080B586B000AF78607B68002B01D101232DE27B681B6803F00103002B75D0A34B9B6803F00C03042B0CD0A04B9B6803F00C03082B12D19D4B5B6803F48003B3F5800F0BD1994B1B6803F40033002B5BD07B685B68002B57D1012308E27B685B68B3F5803F06D1914A904B1B6843F4803313601DE07B685B68  <1>
01-09 01:23:42.158  5163  5245 I android.stm32.uart.app_tag_uart: send N bytes checksum: 0x20  <1>
01-09 01:23:42.283  5163  5245 I android.stm32.uart.app_tag_uart:    received: 0x79  <1>
01-09 01:23:42.288  5163  5245 I android.stm32.uart.app_tag_uart: loop: 19, address: 0x08001200, write 256 bytes
01-09 01:23:42.288  5163  5245 I android.stm32.uart.app_tag_uart: send command: 0x31, 0xCE  <1>
01-09 01:23:42.297   291   393 I BufferQueueProducer: [android.stm32.uart/android.stm32.uart.app.CommandActivity](this:0x754d7dd000,id:58,api:1,p:5163,c:291) queueBuffer: fps=2.74 dur=1094.98 max=377.65 min=358.12
01-09 01:23:42.389  5163  5245 I android.stm32.uart.app_tag_uart:    received: 0x79  <1>
01-09 01:23:42.390  5163  5245 I android.stm32.uart.app_tag_uart: send address: 0x08001200  <1>
01-09 01:23:42.390  5163  5245 I android.stm32.uart.app_tag_uart: send address checksum: 0x1A  <1>
01-09 01:23:42.491  5163  5245 I android.stm32.uart.app_tag_uart:    received: 0x79  <1>
01-09 01:23:42.491  5163  5245 I android.stm32.uart.app_tag_uart: send n=N-1: 255  <1>
01-09 01:23:42.518  5163  5245 I android.stm32.uart.app_tag_uart: send N bytes: 0xB3F5A02F0CD18B4A8A4B1B6843F480231360884A874B1B6843F4803313600BE0844A844B1B6823F480331360814A814B1B6823F4802313607B685B68002B13D0FFF7DCF9386108E0FFF7D8F902463B69D31A642B01D90323CDE1764B1B6803F40033002BF0D014E0FFF7C8F9386108E0FFF7C4F902463B69D31A642B01D90323B9E16C4B1B6803F40033002BF0D100E000BF7B681B6803F00203002B63D0654B9B6803F00C03002B0BD0624B9B6803F00C03082B1CD15F4B5B6803F48003002B16D15C4B1B6803F00203002B05D07B68DB68012B01D001238DE15649554B1B6823F0F8027B681B69DB0013430B603AE07B68DB68002B20D04F4B01221A60FFF7  <1>
01-09 01:23:42.519  5163  5245 I android.stm32.uart.app_tag_uart: send N bytes checksum: 0xF5  <1>
01-09 01:23:42.644  5163  5245 I android.stm32.uart.app_tag_uart:    received: 0x79  <1>
01-09 01:23:42.648  5163  5245 I android.stm32.uart.app_tag_uart: loop: 20, address: 0x08001300, write 256 bytes
01-09 01:23:42.648  5163  5245 I android.stm32.uart.app_tag_uart: send command: 0x31, 0xCE  <1>
01-09 01:23:42.749  5163  5245 I android.stm32.uart.app_tag_uart:    received: 0x79  <1>
01-09 01:23:42.749  5163  5245 I android.stm32.uart.app_tag_uart: send address: 0x08001300  <1>
01-09 01:23:42.750  5163  5245 I android.stm32.uart.app_tag_uart: send address checksum: 0x1B  <1>
01-09 01:23:42.851  5163  5245 I android.stm32.uart.app_tag_uart:    received: 0x79  <1>
01-09 01:23:42.851  5163  5245 I android.stm32.uart.app_tag_uart: send n=N-1: 255  <1>
01-09 01:23:42.878  5163  5245 I android.stm32.uart.app_tag_uart: send N bytes: 0x7DF9386108E0FFF779F902463B69D31A022B01D903236EE1464B1B6803F00203002BF0D04349434B1B6823F0F8027B681B69DB0013430B6015E03F4B00221A60FFF75CF9386108E0FFF758F902463B69D31A022B01D903234DE1364B1B6803F00203002BF0D17B681B6803F00803002B30D07B685B69002B16D0304B01221A60FFF73CF9386108E0FFF738F902463B69D31A022B01D903232DE1264B5B6F03F00203002BF0D015E0244B00221A60FFF725F9386108E0FFF721F902463B69D31A022B01D9032316E11A4B5B6F03F00203002BF0D17B681B6803F00403002B00F0A0800023FB75134B1B6C03F08053002B0FD10023FB600F4A0E4B1B6C43F08053  <1>
01-09 01:23:42.878  5163  5245 I android.stm32.uart.app_tag_uart: send N bytes checksum: 0x4B  <1>
01-09 01:23:43.004  5163  5245 I android.stm32.uart.app_tag_uart:    received: 0x79  <1>
01-09 01:23:43.018  5163  5245 I android.stm32.uart.app_tag_uart: loop: 21, address: 0x08001400, write 256 bytes
01-09 01:23:43.018  5163  5245 I android.stm32.uart.app_tag_uart: send command: 0x31, 0xCE  <1>
01-09 01:23:43.118  5163  5245 I android.stm32.uart.app_tag_uart:    received: 0x79  <1>
01-09 01:23:43.119  5163  5245 I android.stm32.uart.app_tag_uart: send address: 0x08001400  <1>
01-09 01:23:43.120  5163  5245 I android.stm32.uart.app_tag_uart: send address checksum: 0x1C  <1>
01-09 01:23:43.220  5163  5245 I android.stm32.uart.app_tag_uart:    received: 0x79  <1>
01-09 01:23:43.220  5163  5245 I android.stm32.uart.app_tag_uart: send n=N-1: 255  <1>
01-09 01:23:43.249  5163  5245 I android.stm32.uart.app_tag_uart: send N bytes: 0x13640C4B1B6C03F08053FB60FB680123FB750B4B1B6803F48073002B21D1084A074B1B6843F480731360FFF7E7F8386111E000BF0038024000004742800E474200700040FFF7DAF802463B69D31A022B01D90323CFE06A4B1B6803F48073002BF0D07B689B68012B06D1664A654B1B6F43F0010313671CE07B689B68052B0CD1604A604B1B6F43F0040313675D4A5D4B1B6F43F0010313670BE05A4A594B1B6F23F001031367574A564B1B6F23F0040313677B689B68002B15D0FFF79FF838610AE0FFF79BF802463B69D31A41F28832934201D903238EE04A4B1B6F03F00203002BEED014E0FFF789F838610AE0FFF785F802463B69D31A41F28832934201D9  <1>
01-09 01:23:43.251  5163  5245 I android.stm32.uart.app_tag_uart: send N bytes checksum: 0x8E  <1>
01-09 01:23:43.377  5163  5245 I android.stm32.uart.app_tag_uart:    received: 0x79  <1>
01-09 01:23:43.381  5163  5245 I android.stm32.uart.app_tag_uart: loop: 22, address: 0x08001500, write 256 bytes
01-09 01:23:43.381  5163  5245 I android.stm32.uart.app_tag_uart: send command: 0x31, 0xCE  <1>
01-09 01:23:43.391   291   318 I BufferQueueProducer: [android.stm32.uart/android.stm32.uart.app.CommandActivity](this:0x754d7dd000,id:58,api:1,p:5163,c:291) queueBuffer: fps=2.74 dur=1094.23 max=377.06 min=357.84
01-09 01:23:43.482  5163  5245 I android.stm32.uart.app_tag_uart:    received: 0x79  <1>
01-09 01:23:43.482  5163  5245 I android.stm32.uart.app_tag_uart: send address: 0x08001500  <1>
01-09 01:23:43.483  5163  5245 I android.stm32.uart.app_tag_uart: send address checksum: 0x1D  <1>
01-09 01:23:43.583  5163  5245 I android.stm32.uart.app_tag_uart:    received: 0x79  <1>
01-09 01:23:43.583  5163  5245 I android.stm32.uart.app_tag_uart: send n=N-1: 255  <1>
01-09 01:23:43.611  5163  5245 I android.stm32.uart.app_tag_uart: send N bytes: 0x032378E03F4B1B6F03F00203002BEED1FB7D012B05D13B4A3A4B1B6C23F0805313647B689B69002B64D0364B9B6803F00C03082B5CD07B689B69022B41D1324B00221A60FFF75AF8386108E0FFF756F802463B69D31A022B01D903234BE0294B1B6803F00073002BF0D126497B68DA697B681B6A1A437B685B6A9B011A437B689B6A5B08013B1B041A437B68DB6A1B0613434B601C4B01221A60FFF72FF8386108E0FFF72BF802463B69D31A022B01D9032320E0134B1B6803F00073002BF0D018E0114B00221A60FFF718F8386108E0FFF714F802463B69D31A022B01D9032309E0084B1B6803F00073002BF0D101E0012300E0002318461837BD4680BD00BF  <1>
01-09 01:23:43.611  5163  5245 I android.stm32.uart.app_tag_uart: send N bytes checksum: 0x5B  <1>
01-09 01:23:43.737  5163  5245 I android.stm32.uart.app_tag_uart:    received: 0x79  <1>
01-09 01:23:43.741  5163  5245 I android.stm32.uart.app_tag_uart: loop: 23, address: 0x08001600, write 256 bytes
01-09 01:23:43.741  5163  5245 I android.stm32.uart.app_tag_uart: send command: 0x31, 0xCE  <1>
01-09 01:23:43.842  5163  5245 I android.stm32.uart.app_tag_uart:    received: 0x79  <1>
01-09 01:23:43.842  5163  5245 I android.stm32.uart.app_tag_uart: send address: 0x08001600  <1>
01-09 01:23:43.843  5163  5245 I android.stm32.uart.app_tag_uart: send address checksum: 0x1E  <1>
01-09 01:23:43.943  5163  5245 I android.stm32.uart.app_tag_uart:    received: 0x79  <1>
01-09 01:23:43.944  5163  5245 I android.stm32.uart.app_tag_uart: send n=N-1: 255  <1>
01-09 01:23:43.970  5163  5245 I android.stm32.uart.app_tag_uart: send N bytes: 0x00700040003802406000474280B584B000AF786039607B68002B01D10123CAE0674B1B6803F00F023B689A420CD2644B3A68D2B21A70624B1B6803F00F023B689A4201D00123B6E07B681B6803F00203002B20D07B681B6803F00403002B05D0584A584B9B6843F4E05393607B681B6803F00803002B05D0524A524B9B6843F4604393604F494F4B9B6823F0F0027B689B6813438B607B681B6803F00103002B44D07B685B68012B07D1464B1B6803F40033002B19D101237DE07B685B68022B03D07B685B68032B07D13E4B1B6803F00073002B09D101236DE03A4B1B6803F00203002B01D1012365E03649354B9B6823F003027B685B6813438B60FEF77EFF  <1>
01-09 01:23:43.971  5163  5245 I android.stm32.uart.app_tag_uart: send N bytes checksum: 0xDD  <1>
01-09 01:23:44.096  5163  5245 I android.stm32.uart.app_tag_uart:    received: 0x79  <1>
01-09 01:23:44.101  5163  5245 I android.stm32.uart.app_tag_uart: loop: 24, address: 0x08001700, write 256 bytes
01-09 01:23:44.101  5163  5245 I android.stm32.uart.app_tag_uart: send command: 0x31, 0xCE  <1>
01-09 01:23:44.202  5163  5245 I android.stm32.uart.app_tag_uart:    received: 0x79  <1>
01-09 01:23:44.203  5163  5245 I android.stm32.uart.app_tag_uart: send address: 0x08001700  <1>
01-09 01:23:44.203  5163  5245 I android.stm32.uart.app_tag_uart: send address checksum: 0x1F  <1>
01-09 01:23:44.304  5163  5245 I android.stm32.uart.app_tag_uart:    received: 0x79  <1>
01-09 01:23:44.304  5163  5245 I android.stm32.uart.app_tag_uart: send n=N-1: 255  <1>
01-09 01:23:44.334  5163  5245 I android.stm32.uart.app_tag_uart: send N bytes: 0xF8600AE0FEF77AFF0246FB68D31A41F28832934201D903234DE02A4B9B6803F00C027B685B689B009A42EBD1244B1B6803F00F023B689A420CD9214B3A68D2B21A701F4B1B6803F00F023B689A4201D0012330E07B681B6803F00403002B08D01849184B9B6823F4E0527B68DB6813438B607B681B6803F00803002B09D01149104B9B6823F460427B681B69DB0013438B6000F01DF801460A4B9B681B0903F00F03094AD35C21FA03F3084A1360002007F08AF9002318461037BD4680BD00BF003C024000380240A8A10008180000202DE9F04F8FB000AF0023FB6200237B630023BB6200233B63624B9B6803F00C03042B07D0082B08D0002B40F0B2805E4B  <1>
01-09 01:23:44.337  5163  5245 I android.stm32.uart.app_tag_uart: send N bytes checksum: 0xCE  <1>
01-09 01:23:44.461  5163  5245 I android.stm32.uart.app_tag_uart:    received: 0x79  <1>
01-09 01:23:44.465  5163  5245 I android.stm32.uart.app_tag_uart: loop: 25, address: 0x08001800, write 256 bytes
01-09 01:23:44.466  5163  5245 I android.stm32.uart.app_tag_uart: send command: 0x31, 0xCE  <1>
01-09 01:23:44.486   291  1939 I BufferQueueProducer: [android.stm32.uart/android.stm32.uart.app.CommandActivity](this:0x754d7dd000,id:58,api:1,p:5163,c:291) queueBuffer: fps=2.74 dur=1095.41 max=374.99 min=359.24
01-09 01:23:44.567  5163  5245 I android.stm32.uart.app_tag_uart:    received: 0x79  <1>
01-09 01:23:44.568  5163  5245 I android.stm32.uart.app_tag_uart: send address: 0x08001800  <1>
01-09 01:23:44.568  5163  5245 I android.stm32.uart.app_tag_uart: send address checksum: 0x10  <1>
01-09 01:23:44.669  5163  5245 I android.stm32.uart.app_tag_uart:    received: 0x79  <1>
01-09 01:23:44.669  5163  5245 I android.stm32.uart.app_tag_uart: send n=N-1: 255  <1>
01-09 01:23:44.698  5163  5245 I android.stm32.uart.app_tag_uart: send N bytes: 0x3B63B1E05D4B3B63AEE05A4B5B6803F03F03FB62574B5B6803F48003002B4ED0544B5B689B094FF0000440F2FF114FF0000201EA030102EA04020B46144660017862786A40EAD36078625B013B62D7E908345B1A64EB02044FEA841949EA93694FEA8318B8EB030869EB04094FEAC903FB61FB6943EA5873FB614FEAC803BB61D7E9068918EB010849EB02094FEA49237B617B6943EAD8537B614FEA48233B61D7E9048940464946FB6A4FF000041A462346FEF7E5FC03460C467B6343E02D4B5B689B094FF0000440F2FF114FF0000201EA030102EA04020B4614466001F860F86840EAD360F8605B01BB60D7E902345B1A64EB0204A60146EA93669D01ED1A  <1>
01-09 01:23:44.699  5163  5245 I android.stm32.uart.app_tag_uart: send N bytes checksum: 0x4D  <1>
01-09 01:23:44.824  5163  5245 I android.stm32.uart.app_tag_uart:    received: 0x79  <1>
01-09 01:23:44.829  5163  5245 I android.stm32.uart.app_tag_uart: loop: 26, address: 0x08001900, write 256 bytes
01-09 01:23:44.829  5163  5245 I android.stm32.uart.app_tag_uart: send command: 0x31, 0xCE  <1>
01-09 01:23:44.929  5163  5245 I android.stm32.uart.app_tag_uart:    received: 0x79  <1>
01-09 01:23:44.930  5163  5245 I android.stm32.uart.app_tag_uart: send address: 0x08001900  <1>
01-09 01:23:44.931  5163  5245 I android.stm32.uart.app_tag_uart: send address checksum: 0x11  <1>
01-09 01:23:45.031  5163  5245 I android.stm32.uart.app_tag_uart:    received: 0x79  <1>
01-09 01:23:45.031  5163  5245 I android.stm32.uart.app_tag_uart: send n=N-1: 255  <1>
